2025-02-06 19:23:53,762 CRIT Supervisor is running as root.  Privileges were not dropped because no user is specified in the config file.  If you intend to run as root, you can set user=root in the config file to avoid this message.
2025-02-06 19:23:53,766 INFO supervisord started with pid 1
2025-02-06 19:23:54,770 INFO spawned: 'php' with pid 12
2025-02-06 19:23:54,776 INFO spawned: 'yarn' with pid 13
2025-02-06 19:23:55,940 INFO success: php entered RUNNING state, process has stayed up for > than 1 seconds (startsecs)
2025-02-06 19:23:55,940 INFO success: yarn entered RUNNING state, process has stayed up for > than 1 seconds (startsecs)
2025-02-06 19:35:40,155 WARN received SIGQUIT indicating exit request
2025-02-06 19:35:40,158 INFO waiting for php, yarn to die
2025-02-06 19:35:41,161 WARN stopped: yarn (exit status 1)
2025-02-06 19:35:41,162 INFO reaped unknown pid 31 (terminated by SIGTERM)
2025-02-06 19:35:41,210 WARN stopped: php (terminated by SIGTERM)
2025-02-06 20:13:57,700 CRIT Supervisor is running as root.  Privileges were not dropped because no user is specified in the config file.  If you intend to run as root, you can set user=root in the config file to avoid this message.
2025-02-06 20:13:57,705 INFO supervisord started with pid 1
2025-02-06 20:13:58,711 INFO spawned: 'php' with pid 12
2025-02-06 20:13:58,720 INFO spawned: 'yarn' with pid 13
2025-02-06 20:13:59,754 INFO success: php entered RUNNING state, process has stayed up for > than 1 seconds (startsecs)
2025-02-06 20:13:59,754 INFO success: yarn entered RUNNING state, process has stayed up for > than 1 seconds (startsecs)
2025-02-06 20:26:39,101 WARN received SIGQUIT indicating exit request
2025-02-06 20:26:39,105 INFO waiting for php, yarn to die
2025-02-06 20:26:40,108 WARN stopped: yarn (exit status 1)
2025-02-06 20:26:40,109 INFO reaped unknown pid 31 (terminated by SIGTERM)
2025-02-06 20:26:40,119 WARN stopped: php (terminated by SIGTERM)
2025-02-06 20:27:37,499 CRIT Supervisor is running as root.  Privileges were not dropped because no user is specified in the config file.  If you intend to run as root, you can set user=root in the config file to avoid this message.
2025-02-06 20:27:37,507 INFO supervisord started with pid 1
2025-02-06 20:27:38,516 INFO spawned: 'php' with pid 12
2025-02-06 20:27:38,530 INFO spawned: 'yarn' with pid 13
2025-02-06 20:27:39,703 INFO success: php entered RUNNING state, process has stayed up for > than 1 seconds (startsecs)
2025-02-06 20:27:39,704 INFO success: yarn entered RUNNING state, process has stayed up for > than 1 seconds (startsecs)
2025-02-06 20:28:51,213 WARN received SIGQUIT indicating exit request
2025-02-06 20:28:51,214 INFO waiting for php, yarn to die
2025-02-06 20:28:52,216 WARN stopped: yarn (exit status 1)
2025-02-06 20:28:52,217 INFO reaped unknown pid 31 (terminated by SIGTERM)
2025-02-06 20:28:52,224 WARN stopped: php (terminated by SIGTERM)
2025-02-06 20:29:12,601 CRIT Supervisor is running as root.  Privileges were not dropped because no user is specified in the config file.  If you intend to run as root, you can set user=root in the config file to avoid this message.
2025-02-06 20:29:12,609 INFO supervisord started with pid 1
2025-02-06 20:29:13,615 INFO spawned: 'php' with pid 12
2025-02-06 20:29:13,624 INFO spawned: 'yarn' with pid 13
2025-02-06 20:29:14,643 INFO success: php entered RUNNING state, process has stayed up for > than 1 seconds (startsecs)
2025-02-06 20:29:14,643 INFO success: yarn entered RUNNING state, process has stayed up for > than 1 seconds (startsecs)
2025-02-06 20:43:53,173 WARN received SIGQUIT indicating exit request
2025-02-06 20:43:53,176 INFO waiting for php, yarn to die
2025-02-06 20:43:54,180 WARN stopped: yarn (exit status 1)
2025-02-06 20:43:54,181 INFO reaped unknown pid 24 (terminated by SIGTERM)
2025-02-06 20:43:54,196 WARN stopped: php (terminated by SIGTERM)
